2025-12-08 12:20:50,416 INFO o.a.j.u.JMeterUtils: Setting Locale to en_EN
2025-12-08 12:20:50,427 INFO o.a.j.JMeter: Loading user properties from: /Users/hiruzen/Programming/Projects/DATA-236-Projects/Lab2/tools/jmeter/bin/user.properties
2025-12-08 12:20:50,427 INFO o.a.j.JMeter: Loading system properties from: /Users/hiruzen/Programming/Projects/DATA-236-Projects/Lab2/tools/jmeter/bin/system.properties
2025-12-08 12:20:50,431 INFO o.a.j.JMeter: Copyright (c) 1998-2024 The Apache Software Foundation
2025-12-08 12:20:50,431 INFO o.a.j.JMeter: Version 5.6.3
2025-12-08 12:20:50,431 INFO o.a.j.JMeter: java.version=25
2025-12-08 12:20:50,431 INFO o.a.j.JMeter: java.vm.name=OpenJDK 64-Bit Server VM
2025-12-08 12:20:50,431 INFO o.a.j.JMeter: os.name=Mac OS X
2025-12-08 12:20:50,431 INFO o.a.j.JMeter: os.arch=aarch64
2025-12-08 12:20:50,431 INFO o.a.j.JMeter: os.version=26.1
2025-12-08 12:20:50,431 INFO o.a.j.JMeter: file.encoding=UTF-8
2025-12-08 12:20:50,431 INFO o.a.j.JMeter: java.awt.headless=true
2025-12-08 12:20:50,431 INFO o.a.j.JMeter: Max memory     =1073741824
2025-12-08 12:20:50,431 INFO o.a.j.JMeter: Available Processors =8
2025-12-08 12:20:50,442 INFO o.a.j.JMeter: Default Locale=English (EN)
2025-12-08 12:20:50,442 INFO o.a.j.JMeter: JMeter  Locale=English (EN)
2025-12-08 12:20:50,442 INFO o.a.j.JMeter: JMeterHome=/Users/hiruzen/Programming/Projects/DATA-236-Projects/Lab2/tools/jmeter
2025-12-08 12:20:50,442 INFO o.a.j.JMeter: user.dir  =/Users/hiruzen/Programming/Projects/DATA-236-Projects/Kayak-Project
2025-12-08 12:20:50,442 INFO o.a.j.JMeter: PWD       =/Users/hiruzen/Programming/Projects/DATA-236-Projects/Kayak-Project
2025-12-08 12:20:50,444 INFO o.a.j.JMeter: IP: 127.0.0.1 Name: Shravankumars-MacBook-Air.local FullName: localhost
2025-12-08 12:20:50,453 INFO o.a.j.s.FileServer: Default base='/Users/hiruzen/Programming/Projects/DATA-236-Projects/Kayak-Project'
2025-12-08 12:20:50,454 INFO o.a.j.s.FileServer: Set new base='/Users/hiruzen/Programming/Projects/DATA-236-Projects/Kayak-Project/jmeter'
2025-12-08 12:20:50,581 INFO o.a.j.s.SaveService: Testplan (JMX) version: 2.2. Testlog (JTL) version: 2.2
2025-12-08 12:20:50,596 INFO o.a.j.s.SaveService: Using SaveService properties version 5.0
2025-12-08 12:20:50,597 INFO o.a.j.s.SaveService: Using SaveService properties file encoding UTF-8
2025-12-08 12:20:50,598 INFO o.a.j.s.SaveService: Loading file: jmeter/kayak_cache_performance.jmx
2025-12-08 12:20:50,622 INFO o.a.j.p.h.s.HTTPSamplerBase: Parser for text/html is org.apache.jmeter.protocol.http.parser.LagartoBasedHtmlParser
2025-12-08 12:20:50,622 INFO o.a.j.p.h.s.HTTPSamplerBase: Parser for application/xhtml+xml is org.apache.jmeter.protocol.http.parser.LagartoBasedHtmlParser
2025-12-08 12:20:50,622 INFO o.a.j.p.h.s.HTTPSamplerBase: Parser for application/xml is org.apache.jmeter.protocol.http.parser.LagartoBasedHtmlParser
2025-12-08 12:20:50,622 INFO o.a.j.p.h.s.HTTPSamplerBase: Parser for text/xml is org.apache.jmeter.protocol.http.parser.LagartoBasedHtmlParser
2025-12-08 12:20:50,622 INFO o.a.j.p.h.s.HTTPSamplerBase: Parser for text/vnd.wap.wml is org.apache.jmeter.protocol.http.parser.RegexpHTMLParser
2025-12-08 12:20:50,622 INFO o.a.j.p.h.s.HTTPSamplerBase: Parser for text/css is org.apache.jmeter.protocol.http.parser.CssParser
2025-12-08 12:20:50,660 INFO o.a.j.JMeter: Creating summariser <summary>
2025-12-08 12:20:50,666 INFO o.a.j.e.StandardJMeterEngine: Running the test!
2025-12-08 12:20:50,667 INFO o.a.j.s.SampleEvent: List of sample_variables: []
2025-12-08 12:20:50,667 INFO o.a.j.s.SampleEvent: List of sample_variables: []
2025-12-08 12:20:50,669 INFO o.a.j.e.u.CompoundVariable: Note: Function class names must contain the string: '.functions.'
2025-12-08 12:20:50,669 INFO o.a.j.e.u.CompoundVariable: Note: Function class names must not contain the string: '.gui.'
2025-12-08 12:20:50,800 INFO o.a.j.JMeter: Running test (1765225250800)
2025-12-08 12:20:50,811 INFO o.a.j.e.StandardJMeterEngine: Starting ThreadGroup: 1 : Setup - Login
2025-12-08 12:20:50,812 INFO o.a.j.e.StandardJMeterEngine: Starting 1 threads for group Setup - Login.
2025-12-08 12:20:50,812 INFO o.a.j.e.StandardJMeterEngine: Thread will start next loop on error
2025-12-08 12:20:50,812 INFO o.a.j.t.ThreadGroup: Starting thread group... number=1 threads=1 ramp-up=1 delayedStart=false
2025-12-08 12:20:50,815 INFO o.a.j.t.ThreadGroup: Started thread group number 1
2025-12-08 12:20:50,815 INFO o.a.j.e.StandardJMeterEngine: Waiting for thread group: Setup - Login to finish before starting next group
2025-12-08 12:20:50,816 INFO o.a.j.t.JMeterThread: Thread started: Setup - Login 1-1
2025-12-08 12:20:50,825 INFO o.a.j.p.h.s.HTTPHCAbstractImpl: Local host = Shravankumars-MacBook-Air.local
2025-12-08 12:20:50,827 INFO o.a.j.p.h.s.HTTPHC4Impl: HTTP request retry count = 0
2025-12-08 12:20:50,827 INFO o.a.j.s.SampleResult: Note: Sample TimeStamps are START times
2025-12-08 12:20:50,827 INFO o.a.j.s.SampleResult: sampleresult.default.encoding is set to UTF-8
2025-12-08 12:20:50,827 INFO o.a.j.s.SampleResult: sampleresult.useNanoTime=true
2025-12-08 12:20:50,827 INFO o.a.j.s.SampleResult: sampleresult.nanoThreadSleep=5000
2025-12-08 12:20:51,307 INFO o.a.j.u.BeanShellTestElement: Auth Token set: eyJhbGciOiJIUzI1NiIsInR5cCI6IkpXVCJ9.eyJpZCI6IjY5MmQ1MWIwNTY2ZTRkZTI5ZjUyYTkyYyIsInVzZXJJZCI6IjY5MmQ1MWIwNTY2ZTRkZTI5ZjUyYTkyYyIsImVtYWlsIjoiamFuZUBleGFtcGxlLmNvbSIsInJvbGUiOiJ1c2VyIiwicHJvZmlsZVR5cGUiOiJ0cmF2ZWxlciIsImlhdCI6MTc2NTIyNTI1MSwiZXhwIjoxNzY1MzExNjUxfQ.SYSqpWJnDjbBwXrkIABSETUOdWmbdul45jJF9tpmmXw
2025-12-08 12:20:51,308 INFO o.a.j.u.BeanShellTestElement: User ID set: 692d51b0566e4de29f52a92c
2025-12-08 12:20:51,318 INFO o.a.j.t.JMeterThread: Thread is done: Setup - Login 1-1
2025-12-08 12:20:51,318 INFO o.a.j.t.JMeterThread: Thread finished: Setup - Login 1-1
2025-12-08 12:20:51,319 INFO o.a.j.e.StandardJMeterEngine: Starting ThreadGroup: 2 : TG1 - Flights Search (Cache-Heavy)
2025-12-08 12:20:51,319 INFO o.a.j.e.StandardJMeterEngine: Starting 100 threads for group TG1 - Flights Search (Cache-Heavy).
2025-12-08 12:20:51,319 INFO o.a.j.e.StandardJMeterEngine: Thread will continue on error
2025-12-08 12:20:51,320 INFO o.a.j.t.ThreadGroup: Starting thread group... number=2 threads=100 ramp-up=10 delayedStart=false
2025-12-08 12:20:51,321 INFO o.a.j.t.JMeterThread: Thread started: TG1 - Flights Search (Cache-Heavy) 2-1
2025-12-08 12:20:51,344 INFO o.a.j.t.ThreadGroup: Started thread group number 2
2025-12-08 12:20:51,344 INFO o.a.j.e.StandardJMeterEngine: Waiting for thread group: TG1 - Flights Search (Cache-Heavy) to finish before starting next group
2025-12-08 12:20:51,426 INFO o.a.j.t.JMeterThread: Thread started: TG1 - Flights Search (Cache-Heavy) 2-2
2025-12-08 12:20:51,525 INFO o.a.j.t.JMeterThread: Thread started: TG1 - Flights Search (Cache-Heavy) 2-3
2025-12-08 12:20:51,626 INFO o.a.j.t.JMeterThread: Thread started: TG1 - Flights Search (Cache-Heavy) 2-4
2025-12-08 12:20:51,726 INFO o.a.j.t.JMeterThread: Thread started: TG1 - Flights Search (Cache-Heavy) 2-5
2025-12-08 12:20:51,826 INFO o.a.j.t.JMeterThread: Thread started: TG1 - Flights Search (Cache-Heavy) 2-6
2025-12-08 12:20:51,926 INFO o.a.j.t.JMeterThread: Thread started: TG1 - Flights Search (Cache-Heavy) 2-7
2025-12-08 12:20:52,027 INFO o.a.j.t.JMeterThread: Thread started: TG1 - Flights Search (Cache-Heavy) 2-8
2025-12-08 12:20:52,126 INFO o.a.j.t.JMeterThread: Thread started: TG1 - Flights Search (Cache-Heavy) 2-9
2025-12-08 12:20:52,226 INFO o.a.j.t.JMeterThread: Thread started: TG1 - Flights Search (Cache-Heavy) 2-10
2025-12-08 12:20:52,323 INFO o.a.j.t.JMeterThread: Thread started: TG1 - Flights Search (Cache-Heavy) 2-11
2025-12-08 12:20:52,423 INFO o.a.j.t.JMeterThread: Thread started: TG1 - Flights Search (Cache-Heavy) 2-12
2025-12-08 12:20:52,525 INFO o.a.j.t.JMeterThread: Thread started: TG1 - Flights Search (Cache-Heavy) 2-13
2025-12-08 12:20:52,620 INFO o.a.j.t.JMeterThread: Thread started: TG1 - Flights Search (Cache-Heavy) 2-14
2025-12-08 12:20:52,725 INFO o.a.j.t.JMeterThread: Thread started: TG1 - Flights Search (Cache-Heavy) 2-15
2025-12-08 12:20:52,825 INFO o.a.j.t.JMeterThread: Thread started: TG1 - Flights Search (Cache-Heavy) 2-16
2025-12-08 12:20:52,923 INFO o.a.j.t.JMeterThread: Thread started: TG1 - Flights Search (Cache-Heavy) 2-17
2025-12-08 12:20:53,022 INFO o.a.j.t.JMeterThread: Thread started: TG1 - Flights Search (Cache-Heavy) 2-18
2025-12-08 12:20:53,121 INFO o.a.j.t.JMeterThread: Thread started: TG1 - Flights Search (Cache-Heavy) 2-19
2025-12-08 12:20:53,225 INFO o.a.j.t.JMeterThread: Thread started: TG1 - Flights Search (Cache-Heavy) 2-20
2025-12-08 12:20:53,320 INFO o.a.j.t.JMeterThread: Thread started: TG1 - Flights Search (Cache-Heavy) 2-21
2025-12-08 12:20:53,426 INFO o.a.j.t.JMeterThread: Thread started: TG1 - Flights Search (Cache-Heavy) 2-22
2025-12-08 12:20:53,522 INFO o.a.j.t.JMeterThread: Thread started: TG1 - Flights Search (Cache-Heavy) 2-23
2025-12-08 12:20:53,623 INFO o.a.j.t.JMeterThread: Thread started: TG1 - Flights Search (Cache-Heavy) 2-24
2025-12-08 12:20:53,723 INFO o.a.j.t.JMeterThread: Thread started: TG1 - Flights Search (Cache-Heavy) 2-25
2025-12-08 12:20:53,826 INFO o.a.j.t.JMeterThread: Thread started: TG1 - Flights Search (Cache-Heavy) 2-26
2025-12-08 12:20:53,922 INFO o.a.j.t.JMeterThread: Thread started: TG1 - Flights Search (Cache-Heavy) 2-27
2025-12-08 12:20:54,023 INFO o.a.j.t.JMeterThread: Thread started: TG1 - Flights Search (Cache-Heavy) 2-28
2025-12-08 12:20:54,124 INFO o.a.j.t.JMeterThread: Thread started: TG1 - Flights Search (Cache-Heavy) 2-29
2025-12-08 12:20:54,223 INFO o.a.j.t.JMeterThread: Thread started: TG1 - Flights Search (Cache-Heavy) 2-30
2025-12-08 12:20:54,323 INFO o.a.j.t.JMeterThread: Thread started: TG1 - Flights Search (Cache-Heavy) 2-31
2025-12-08 12:20:54,425 INFO o.a.j.t.JMeterThread: Thread started: TG1 - Flights Search (Cache-Heavy) 2-32
2025-12-08 12:20:54,523 INFO o.a.j.t.JMeterThread: Thread started: TG1 - Flights Search (Cache-Heavy) 2-33
2025-12-08 12:20:54,621 INFO o.a.j.t.JMeterThread: Thread started: TG1 - Flights Search (Cache-Heavy) 2-34
2025-12-08 12:20:54,727 INFO o.a.j.t.JMeterThread: Thread started: TG1 - Flights Search (Cache-Heavy) 2-35
2025-12-08 12:20:54,822 INFO o.a.j.t.JMeterThread: Thread started: TG1 - Flights Search (Cache-Heavy) 2-36
2025-12-08 12:20:54,925 INFO o.a.j.t.JMeterThread: Thread started: TG1 - Flights Search (Cache-Heavy) 2-37
2025-12-08 12:20:55,023 INFO o.a.j.t.JMeterThread: Thread started: TG1 - Flights Search (Cache-Heavy) 2-38
2025-12-08 12:20:55,122 INFO o.a.j.t.JMeterThread: Thread started: TG1 - Flights Search (Cache-Heavy) 2-39
2025-12-08 12:20:55,223 INFO o.a.j.t.JMeterThread: Thread started: TG1 - Flights Search (Cache-Heavy) 2-40
2025-12-08 12:20:55,327 INFO o.a.j.t.JMeterThread: Thread started: TG1 - Flights Search (Cache-Heavy) 2-41
2025-12-08 12:20:55,429 INFO o.a.j.t.JMeterThread: Thread started: TG1 - Flights Search (Cache-Heavy) 2-42
2025-12-08 12:20:55,526 INFO o.a.j.t.JMeterThread: Thread started: TG1 - Flights Search (Cache-Heavy) 2-43
2025-12-08 12:20:55,624 INFO o.a.j.t.JMeterThread: Thread started: TG1 - Flights Search (Cache-Heavy) 2-44
2025-12-08 12:20:55,723 INFO o.a.j.t.JMeterThread: Thread started: TG1 - Flights Search (Cache-Heavy) 2-45
2025-12-08 12:20:55,835 INFO o.a.j.t.JMeterThread: Thread started: TG1 - Flights Search (Cache-Heavy) 2-46
2025-12-08 12:20:55,923 INFO o.a.j.t.JMeterThread: Thread started: TG1 - Flights Search (Cache-Heavy) 2-47
2025-12-08 12:20:56,025 INFO o.a.j.t.JMeterThread: Thread started: TG1 - Flights Search (Cache-Heavy) 2-48
2025-12-08 12:20:56,127 INFO o.a.j.t.JMeterThread: Thread started: TG1 - Flights Search (Cache-Heavy) 2-49
2025-12-08 12:20:56,222 INFO o.a.j.t.JMeterThread: Thread started: TG1 - Flights Search (Cache-Heavy) 2-50
2025-12-08 12:20:56,324 INFO o.a.j.t.JMeterThread: Thread started: TG1 - Flights Search (Cache-Heavy) 2-51
2025-12-08 12:20:56,423 INFO o.a.j.t.JMeterThread: Thread started: TG1 - Flights Search (Cache-Heavy) 2-52
2025-12-08 12:20:56,527 INFO o.a.j.t.JMeterThread: Thread started: TG1 - Flights Search (Cache-Heavy) 2-53
2025-12-08 12:20:56,623 INFO o.a.j.t.JMeterThread: Thread started: TG1 - Flights Search (Cache-Heavy) 2-54
2025-12-08 12:20:56,722 INFO o.a.j.t.JMeterThread: Thread started: TG1 - Flights Search (Cache-Heavy) 2-55
2025-12-08 12:20:56,824 INFO o.a.j.t.JMeterThread: Thread started: TG1 - Flights Search (Cache-Heavy) 2-56
2025-12-08 12:20:56,923 INFO o.a.j.t.JMeterThread: Thread started: TG1 - Flights Search (Cache-Heavy) 2-57
2025-12-08 12:20:57,023 INFO o.a.j.t.JMeterThread: Thread started: TG1 - Flights Search (Cache-Heavy) 2-58
2025-12-08 12:20:57,123 INFO o.a.j.t.JMeterThread: Thread started: TG1 - Flights Search (Cache-Heavy) 2-59
2025-12-08 12:20:57,222 INFO o.a.j.t.JMeterThread: Thread started: TG1 - Flights Search (Cache-Heavy) 2-60
2025-12-08 12:20:57,322 INFO o.a.j.t.JMeterThread: Thread started: TG1 - Flights Search (Cache-Heavy) 2-61
2025-12-08 12:20:57,423 INFO o.a.j.t.JMeterThread: Thread started: TG1 - Flights Search (Cache-Heavy) 2-62
2025-12-08 12:20:57,522 INFO o.a.j.t.JMeterThread: Thread started: TG1 - Flights Search (Cache-Heavy) 2-63
2025-12-08 12:20:57,628 INFO o.a.j.t.JMeterThread: Thread started: TG1 - Flights Search (Cache-Heavy) 2-64
2025-12-08 12:20:57,722 INFO o.a.j.t.JMeterThread: Thread started: TG1 - Flights Search (Cache-Heavy) 2-65
2025-12-08 12:20:57,822 INFO o.a.j.t.JMeterThread: Thread started: TG1 - Flights Search (Cache-Heavy) 2-66
2025-12-08 12:20:57,926 INFO o.a.j.t.JMeterThread: Thread started: TG1 - Flights Search (Cache-Heavy) 2-67
2025-12-08 12:20:58,022 INFO o.a.j.t.JMeterThread: Thread started: TG1 - Flights Search (Cache-Heavy) 2-68
2025-12-08 12:20:58,124 INFO o.a.j.t.JMeterThread: Thread started: TG1 - Flights Search (Cache-Heavy) 2-69
2025-12-08 12:20:58,222 INFO o.a.j.t.JMeterThread: Thread started: TG1 - Flights Search (Cache-Heavy) 2-70
2025-12-08 12:20:58,323 INFO o.a.j.t.JMeterThread: Thread started: TG1 - Flights Search (Cache-Heavy) 2-71
2025-12-08 12:20:58,423 INFO o.a.j.t.JMeterThread: Thread started: TG1 - Flights Search (Cache-Heavy) 2-72
2025-12-08 12:20:58,522 INFO o.a.j.t.JMeterThread: Thread started: TG1 - Flights Search (Cache-Heavy) 2-73
2025-12-08 12:20:58,626 INFO o.a.j.t.JMeterThread: Thread started: TG1 - Flights Search (Cache-Heavy) 2-74
2025-12-08 12:20:58,627 INFO o.a.j.r.ResultCollector: Shutdown hook started
2025-12-08 12:20:58,628 INFO o.a.j.r.ResultCollector: Shutdown hook ended
